#-----------------------------------------------------------
# Vivado v2019.1 (64-bit)
# SW Build 2552052 on Fri May 24 14:49:42 MDT 2019
# IP Build 2548770 on Fri May 24 18:01:18 MDT 2019
# Start of session at: Wed Jun 17 14:37:16 2020
# Process ID: 24020
# Current directory: D:/Users/Alex/Documents/GitHub/RedPitaya_Acquisition/RedPitaya_Acquisition/project_1
# Command line: vivado.exe -gui_launcher_event rodinguilauncherevent18336 D:\Users\Alex\Documents\GitHub\RedPitaya_Acquisition\RedPitaya_Acquisition\project_1\project_1.xpr
# Log file: D:/Users/Alex/Documents/GitHub/RedPitaya_Acquisition/RedPitaya_Acquisition/project_1/vivado.log
# Journal file: D:/Users/Alex/Documents/GitHub/RedPitaya_Acquisition/RedPitaya_Acquisition/project_1\vivado.jou
#-----------------------------------------------------------
start_gui
open_project D:/Users/Alex/Documents/GitHub/RedPitaya_Acquisition/RedPitaya_Acquisition/project_1/project_1.xpr
open_run impl_1
update_compile_order -fileset sources_1
close_design
open_bd_design {D:/Users/Alex/Documents/GitHub/RedPitaya_Acquisition/RedPitaya_Acquisition/project_1/project_1.srcs/sources_1/bd/design_1/design_1.bd}
