#-----------------------------------------------------------
# Vivado v2019.1 (64-bit)
# SW Build 2552052 on Fri May 24 14:49:42 MDT 2019
# IP Build 2548770 on Fri May 24 18:01:18 MDT 2019
# Start of session at: Fri Aug  7 14:30:42 2020
# Process ID: 28332
# Current directory: D:/Users/Alex/Documents/GitHub/RedPitaya_Acquisition/RedPitaya_Acquisition/project_1
# Command line: vivado.exe -gui_launcher_event rodinguilauncherevent7924 D:\Users\Alex\Documents\GitHub\RedPitaya_Acquisition\RedPitaya_Acquisition\project_1\project_1.xpr
# Log file: D:/Users/Alex/Documents/GitHub/RedPitaya_Acquisition/RedPitaya_Acquisition/project_1/vivado.log
# Journal file: D:/Users/Alex/Documents/GitHub/RedPitaya_Acquisition/RedPitaya_Acquisition/project_1\vivado.jou
#-----------------------------------------------------------
start_gui
open_project D:/Users/Alex/Documents/GitHub/RedPitaya_Acquisition/RedPitaya_Acquisition/project_1/project_1.xpr
update_compile_order -fileset sources_1
update_module_reference design_1_Acquisition_top_0_0
